------------------------------------------------------------
TimeQuest Timing Analyzer Summary
------------------------------------------------------------

Type  : Slow 1100mV 85C Model Setup 'clk_25[0]'
Slack : -4.574
TNS   : -1199.729

Type  : Slow 1100mV 85C Model Setup 'clk'
Slack : -2.836
TNS   : -2.836

Type  : Slow 1100mV 85C Model Hold 'clk_25[0]'
Slack : 0.386
TNS   : 0.000

Type  : Slow 1100mV 85C Model Hold 'clk'
Slack : 1.192
TNS   : 0.000

Type  : Slow 1100mV 85C Model Minimum Pulse Width 'clk'
Slack : -0.634
TNS   : -1.028

Type  : Slow 1100mV 85C Model Minimum Pulse Width 'clk_25[0]'
Slack : -0.500
TNS   : -222.433

Type  : Slow 1100mV 0C Model Setup 'clk_25[0]'
Slack : -4.408
TNS   : -1162.719

Type  : Slow 1100mV 0C Model Setup 'clk'
Slack : -2.695
TNS   : -2.695

Type  : Slow 1100mV 0C Model Hold 'clk_25[0]'
Slack : 0.421
TNS   : 0.000

Type  : Slow 1100mV 0C Model Hold 'clk'
Slack : 1.154
TNS   : 0.000

Type  : Slow 1100mV 0C Model Minimum Pulse Width 'clk'
Slack : -0.620
TNS   : -1.025

Type  : Slow 1100mV 0C Model Minimum Pulse Width 'clk_25[0]'
Slack : -0.465
TNS   : -211.647

Type  : Fast 1100mV 85C Model Setup 'clk_25[0]'
Slack : -2.701
TNS   : -667.809

Type  : Fast 1100mV 85C Model Setup 'clk'
Slack : -2.043
TNS   : -2.043

Type  : Fast 1100mV 85C Model Hold 'clk_25[0]'
Slack : 0.170
TNS   : 0.000

Type  : Fast 1100mV 85C Model Hold 'clk'
Slack : 0.999
TNS   : 0.000

Type  : Fast 1100mV 85C Model Minimum Pulse Width 'clk'
Slack : -0.577
TNS   : -0.801

Type  : Fast 1100mV 85C Model Minimum Pulse Width 'clk_25[0]'
Slack : -0.222
TNS   : -20.857

Type  : Fast 1100mV 0C Model Setup 'clk_25[0]'
Slack : -2.346
TNS   : -577.091

Type  : Fast 1100mV 0C Model Setup 'clk'
Slack : -1.692
TNS   : -1.692

Type  : Fast 1100mV 0C Model Hold 'clk_25[0]'
Slack : 0.172
TNS   : 0.000

Type  : Fast 1100mV 0C Model Hold 'clk'
Slack : 0.727
TNS   : 0.000

Type  : Fast 1100mV 0C Model Minimum Pulse Width 'clk'
Slack : -0.541
TNS   : -0.739

Type  : Fast 1100mV 0C Model Minimum Pulse Width 'clk_25[0]'
Slack : -0.137
TNS   : -7.528

------------------------------------------------------------
