------------------------------------------------------------
TimeQuest Timing Analyzer Summary
------------------------------------------------------------

Type  : Slow 1100mV 85C Model Setup 'clk'
Slack : -3.631
TNS   : -3.631

Type  : Slow 1100mV 85C Model Setup 'clk_25[0]'
Slack : -2.379
TNS   : -441.017

Type  : Slow 1100mV 85C Model Hold 'clk_25[0]'
Slack : 0.521
TNS   : 0.000

Type  : Slow 1100mV 85C Model Hold 'clk'
Slack : 1.424
TNS   : 0.000

Type  : Slow 1100mV 85C Model Minimum Pulse Width 'clk'
Slack : -0.853
TNS   : -1.478

Type  : Slow 1100mV 85C Model Minimum Pulse Width 'clk_25[0]'
Slack : -0.394
TNS   : -157.522

Type  : Slow 1100mV 0C Model Setup 'clk'
Slack : -3.521
TNS   : -3.521

Type  : Slow 1100mV 0C Model Setup 'clk_25[0]'
Slack : -2.394
TNS   : -426.451

Type  : Slow 1100mV 0C Model Hold 'clk_25[0]'
Slack : 0.489
TNS   : 0.000

Type  : Slow 1100mV 0C Model Hold 'clk'
Slack : 1.416
TNS   : 0.000

Type  : Slow 1100mV 0C Model Minimum Pulse Width 'clk'
Slack : -0.854
TNS   : -1.506

Type  : Slow 1100mV 0C Model Minimum Pulse Width 'clk_25[0]'
Slack : -0.394
TNS   : -155.319

Type  : Fast 1100mV 85C Model Setup 'clk'
Slack : -2.790
TNS   : -2.790

Type  : Fast 1100mV 85C Model Setup 'clk_25[0]'
Slack : -1.112
TNS   : -205.048

Type  : Fast 1100mV 85C Model Hold 'clk_25[0]'
Slack : 0.246
TNS   : 0.000

Type  : Fast 1100mV 85C Model Hold 'clk'
Slack : 1.370
TNS   : 0.000

Type  : Fast 1100mV 85C Model Minimum Pulse Width 'clk'
Slack : -0.747
TNS   : -1.147

Type  : Fast 1100mV 85C Model Minimum Pulse Width 'clk_25[0]'
Slack : 0.004
TNS   : 0.000

Type  : Fast 1100mV 0C Model Setup 'clk'
Slack : -2.381
TNS   : -2.381

Type  : Fast 1100mV 0C Model Setup 'clk_25[0]'
Slack : -0.981
TNS   : -168.725

Type  : Fast 1100mV 0C Model Hold 'clk_25[0]'
Slack : 0.224
TNS   : 0.000

Type  : Fast 1100mV 0C Model Hold 'clk'
Slack : 1.112
TNS   : 0.000

Type  : Fast 1100mV 0C Model Minimum Pulse Width 'clk'
Slack : -0.715
TNS   : -1.091

Type  : Fast 1100mV 0C Model Minimum Pulse Width 'clk_25[0]'
Slack : 0.040
TNS   : 0.000

------------------------------------------------------------
