------------------------------------------------------------
TimeQuest Timing Analyzer Summary
------------------------------------------------------------

Type  : Slow 1100mV 85C Model Setup 'clk'
Slack : -1.741
TNS   : -44.595

Type  : Slow 1100mV 85C Model Hold 'clk'
Slack : 0.330
TNS   : 0.000

Type  : Slow 1100mV 85C Model Minimum Pulse Width 'clk'
Slack : -0.394
TNS   : -20.865

Type  : Slow 1100mV 0C Model Setup 'clk'
Slack : -1.744
TNS   : -45.569

Type  : Slow 1100mV 0C Model Hold 'clk'
Slack : 0.310
TNS   : 0.000

Type  : Slow 1100mV 0C Model Minimum Pulse Width 'clk'
Slack : -0.394
TNS   : -22.909

Type  : Fast 1100mV 85C Model Setup 'clk'
Slack : -0.568
TNS   : -11.606

Type  : Fast 1100mV 85C Model Hold 'clk'
Slack : 0.181
TNS   : 0.000

Type  : Fast 1100mV 85C Model Minimum Pulse Width 'clk'
Slack : -0.089
TNS   : -3.450

Type  : Fast 1100mV 0C Model Setup 'clk'
Slack : -0.459
TNS   : -9.306

Type  : Fast 1100mV 0C Model Hold 'clk'
Slack : 0.166
TNS   : 0.000

Type  : Fast 1100mV 0C Model Minimum Pulse Width 'clk'
Slack : -0.087
TNS   : -3.382

------------------------------------------------------------
